PREHOOK: query: create table src_orc_merge_test(key int, value string) stored as orc
PREHOOK: type: CREATETABLE
POSTHOOK: query: create table src_orc_merge_test(key int, value string) stored as orc
POSTHOOK: type: CREATETABLE
POSTHOOK: Output: default@src_orc_merge_test
PREHOOK: query: load data local inpath '../data/files/smbbucket_1.orc' into table src_orc_merge_test
PREHOOK: type: LOAD
PREHOOK: Output: default@src_orc_merge_test
POSTHOOK: query: load data local inpath '../data/files/smbbucket_1.orc' into table src_orc_merge_test
POSTHOOK: type: LOAD
POSTHOOK: Output: default@src_orc_merge_test
PREHOOK: query: load data local inpath '../data/files/smbbucket_2.orc' into table src_orc_merge_test
PREHOOK: type: LOAD
PREHOOK: Output: default@src_orc_merge_test
POSTHOOK: query: load data local inpath '../data/files/smbbucket_2.orc' into table src_orc_merge_test
POSTHOOK: type: LOAD
POSTHOOK: Output: default@src_orc_merge_test
PREHOOK: query: load data local inpath '../data/files/smbbucket_3.orc' into table src_orc_merge_test
PREHOOK: type: LOAD
PREHOOK: Output: default@src_orc_merge_test
POSTHOOK: query: load data local inpath '../data/files/smbbucket_3.orc' into table src_orc_merge_test
POSTHOOK: type: LOAD
POSTHOOK: Output: default@src_orc_merge_test
PREHOOK: query: show table extended like `src_orc_merge_test`
PREHOOK: type: SHOW_TABLESTATUS
POSTHOOK: query: show table extended like `src_orc_merge_test`
POSTHOOK: type: SHOW_TABLESTATUS
tableName:src_orc_merge_test
#### A masked pattern was here ####
inputformat:org.apache.hadoop.hive.ql.io.orc.OrcInputFormat
outputformat:org.apache.hadoop.hive.ql.io.orc.OrcOutputFormat
columns:struct columns { i32 key, string value}
partitioned:false
partitionColumns:
totalNumberFiles:3
totalFileSize:858
maxFileSize:292
minFileSize:281
#### A masked pattern was here ####

PREHOOK: query: select count(1) from src_orc_merge_test
PREHOOK: type: QUERY
PREHOOK: Input: default@src_orc_merge_test
#### A masked pattern was here ####
POSTHOOK: query: select count(1) from src_orc_merge_test
POSTHOOK: type: QUERY
POSTHOOK: Input: default@src_orc_merge_test
#### A masked pattern was here ####
15
PREHOOK: query: select sum(hash(key)), sum(hash(value)) from src_orc_merge_test
PREHOOK: type: QUERY
PREHOOK: Input: default@src_orc_merge_test
#### A masked pattern was here ####
POSTHOOK: query: select sum(hash(key)), sum(hash(value)) from src_orc_merge_test
POSTHOOK: type: QUERY
POSTHOOK: Input: default@src_orc_merge_test
#### A masked pattern was here ####
214	-7678496319
PREHOOK: query: alter table src_orc_merge_test concatenate
PREHOOK: type: ALTER_TABLE_MERGE
PREHOOK: Input: default@src_orc_merge_test
PREHOOK: Output: default@src_orc_merge_test
POSTHOOK: query: alter table src_orc_merge_test concatenate
POSTHOOK: type: ALTER_TABLE_MERGE
POSTHOOK: Input: default@src_orc_merge_test
POSTHOOK: Output: default@src_orc_merge_test
PREHOOK: query: show table extended like `src_orc_merge_test`
PREHOOK: type: SHOW_TABLESTATUS
POSTHOOK: query: show table extended like `src_orc_merge_test`
POSTHOOK: type: SHOW_TABLESTATUS
tableName:src_orc_merge_test
#### A masked pattern was here ####
inputformat:org.apache.hadoop.hive.ql.io.orc.OrcInputFormat
outputformat:org.apache.hadoop.hive.ql.io.orc.OrcOutputFormat
columns:struct columns { i32 key, string value}
partitioned:false
partitionColumns:
totalNumberFiles:1
totalFileSize:661
maxFileSize:661
minFileSize:661
#### A masked pattern was here ####

PREHOOK: query: select count(1) from src_orc_merge_test
PREHOOK: type: QUERY
PREHOOK: Input: default@src_orc_merge_test
#### A masked pattern was here ####
POSTHOOK: query: select count(1) from src_orc_merge_test
POSTHOOK: type: QUERY
POSTHOOK: Input: default@src_orc_merge_test
#### A masked pattern was here ####
15
PREHOOK: query: select sum(hash(key)), sum(hash(value)) from src_orc_merge_test
PREHOOK: type: QUERY
PREHOOK: Input: default@src_orc_merge_test
#### A masked pattern was here ####
POSTHOOK: query: select sum(hash(key)), sum(hash(value)) from src_orc_merge_test
POSTHOOK: type: QUERY
POSTHOOK: Input: default@src_orc_merge_test
#### A masked pattern was here ####
214	-7678496319
PREHOOK: query: create table src_orc_merge_test_part(key int, value string) partitioned by (ds string) stored as orc
PREHOOK: type: CREATETABLE
POSTHOOK: query: create table src_orc_merge_test_part(key int, value string) partitioned by (ds string) stored as orc
POSTHOOK: type: CREATETABLE
POSTHOOK: Output: default@src_orc_merge_test_part
PREHOOK: query: alter table src_orc_merge_test_part add partition (ds='2011')
PREHOOK: type: ALTERTABLE_ADDPARTS
PREHOOK: Input: default@src_orc_merge_test_part
POSTHOOK: query: alter table src_orc_merge_test_part add partition (ds='2011')
POSTHOOK: type: ALTERTABLE_ADDPARTS
POSTHOOK: Input: default@src_orc_merge_test_part
POSTHOOK: Output: default@src_orc_merge_test_part@ds=2011
PREHOOK: query: load data local inpath '../data/files/smbbucket_1.orc' into table src_orc_merge_test_part partition (ds='2011')
PREHOOK: type: LOAD
PREHOOK: Output: default@src_orc_merge_test_part@ds=2011
POSTHOOK: query: load data local inpath '../data/files/smbbucket_1.orc' into table src_orc_merge_test_part partition (ds='2011')
POSTHOOK: type: LOAD
POSTHOOK: Output: default@src_orc_merge_test_part@ds=2011
PREHOOK: query: load data local inpath '../data/files/smbbucket_2.orc' into table src_orc_merge_test_part partition (ds='2011')
PREHOOK: type: LOAD
PREHOOK: Output: default@src_orc_merge_test_part@ds=2011
POSTHOOK: query: load data local inpath '../data/files/smbbucket_2.orc' into table src_orc_merge_test_part partition (ds='2011')
POSTHOOK: type: LOAD
POSTHOOK: Output: default@src_orc_merge_test_part@ds=2011
PREHOOK: query: load data local inpath '../data/files/smbbucket_3.orc' into table src_orc_merge_test_part partition (ds='2011')
PREHOOK: type: LOAD
PREHOOK: Output: default@src_orc_merge_test_part@ds=2011
POSTHOOK: query: load data local inpath '../data/files/smbbucket_3.orc' into table src_orc_merge_test_part partition (ds='2011')
POSTHOOK: type: LOAD
POSTHOOK: Output: default@src_orc_merge_test_part@ds=2011
PREHOOK: query: show table extended like `src_orc_merge_test_part` partition (ds='2011')
PREHOOK: type: SHOW_TABLESTATUS
POSTHOOK: query: show table extended like `src_orc_merge_test_part` partition (ds='2011')
POSTHOOK: type: SHOW_TABLESTATUS
tableName:src_orc_merge_test_part
#### A masked pattern was here ####
inputformat:org.apache.hadoop.hive.ql.io.orc.OrcInputFormat
outputformat:org.apache.hadoop.hive.ql.io.orc.OrcOutputFormat
columns:struct columns { i32 key, string value}
partitioned:true
partitionColumns:struct partition_columns { string ds}
totalNumberFiles:3
totalFileSize:858
maxFileSize:292
minFileSize:281
#### A masked pattern was here ####

PREHOOK: query: select count(1) from src_orc_merge_test_part
PREHOOK: type: QUERY
PREHOOK: Input: default@src_orc_merge_test_part
PREHOOK: Input: default@src_orc_merge_test_part@ds=2011
#### A masked pattern was here ####
POSTHOOK: query: select count(1) from src_orc_merge_test_part
POSTHOOK: type: QUERY
POSTHOOK: Input: default@src_orc_merge_test_part
POSTHOOK: Input: default@src_orc_merge_test_part@ds=2011
#### A masked pattern was here ####
15
PREHOOK: query: select sum(hash(key)), sum(hash(value)) from src_orc_merge_test_part
PREHOOK: type: QUERY
PREHOOK: Input: default@src_orc_merge_test_part
PREHOOK: Input: default@src_orc_merge_test_part@ds=2011
#### A masked pattern was here ####
POSTHOOK: query: select sum(hash(key)), sum(hash(value)) from src_orc_merge_test_part
POSTHOOK: type: QUERY
POSTHOOK: Input: default@src_orc_merge_test_part
POSTHOOK: Input: default@src_orc_merge_test_part@ds=2011
#### A masked pattern was here ####
214	-7678496319
PREHOOK: query: alter table src_orc_merge_test_part partition (ds='2011') concatenate
PREHOOK: type: ALTER_PARTITION_MERGE
PREHOOK: Input: default@src_orc_merge_test_part
PREHOOK: Output: default@src_orc_merge_test_part@ds=2011
POSTHOOK: query: alter table src_orc_merge_test_part partition (ds='2011') concatenate
POSTHOOK: type: ALTER_PARTITION_MERGE
POSTHOOK: Input: default@src_orc_merge_test_part
POSTHOOK: Output: default@src_orc_merge_test_part@ds=2011
PREHOOK: query: show table extended like `src_orc_merge_test_part` partition (ds='2011')
PREHOOK: type: SHOW_TABLESTATUS
POSTHOOK: query: show table extended like `src_orc_merge_test_part` partition (ds='2011')
POSTHOOK: type: SHOW_TABLESTATUS
tableName:src_orc_merge_test_part
#### A masked pattern was here ####
inputformat:org.apache.hadoop.hive.ql.io.orc.OrcInputFormat
outputformat:org.apache.hadoop.hive.ql.io.orc.OrcOutputFormat
columns:struct columns { i32 key, string value}
partitioned:true
partitionColumns:struct partition_columns { string ds}
totalNumberFiles:1
totalFileSize:661
maxFileSize:661
minFileSize:661
#### A masked pattern was here ####

PREHOOK: query: select count(1) from src_orc_merge_test_part
PREHOOK: type: QUERY
PREHOOK: Input: default@src_orc_merge_test_part
PREHOOK: Input: default@src_orc_merge_test_part@ds=2011
#### A masked pattern was here ####
POSTHOOK: query: select count(1) from src_orc_merge_test_part
POSTHOOK: type: QUERY
POSTHOOK: Input: default@src_orc_merge_test_part
POSTHOOK: Input: default@src_orc_merge_test_part@ds=2011
#### A masked pattern was here ####
15
PREHOOK: query: select sum(hash(key)), sum(hash(value)) from src_orc_merge_test_part
PREHOOK: type: QUERY
PREHOOK: Input: default@src_orc_merge_test_part
PREHOOK: Input: default@src_orc_merge_test_part@ds=2011
#### A masked pattern was here ####
POSTHOOK: query: select sum(hash(key)), sum(hash(value)) from src_orc_merge_test_part
POSTHOOK: type: QUERY
POSTHOOK: Input: default@src_orc_merge_test_part
POSTHOOK: Input: default@src_orc_merge_test_part@ds=2011
#### A masked pattern was here ####
214	-7678496319
PREHOOK: query: drop table src_orc_merge_test
PREHOOK: type: DROPTABLE
PREHOOK: Input: default@src_orc_merge_test
PREHOOK: Output: default@src_orc_merge_test
POSTHOOK: query: drop table src_orc_merge_test
POSTHOOK: type: DROPTABLE
POSTHOOK: Input: default@src_orc_merge_test
POSTHOOK: Output: default@src_orc_merge_test
PREHOOK: query: drop table src_orc_merge_test_part
PREHOOK: type: DROPTABLE
PREHOOK: Input: default@src_orc_merge_test_part
PREHOOK: Output: default@src_orc_merge_test_part
POSTHOOK: query: drop table src_orc_merge_test_part
POSTHOOK: type: DROPTABLE
POSTHOOK: Input: default@src_orc_merge_test_part
POSTHOOK: Output: default@src_orc_merge_test_part
